2026-05-08 18:28:40 [restartedMain] INFO  c.e.s.SchoolManagementv1Application - Starting SchoolManagementv1Application using Java 23.0.1 with PID 15308 (C:\Users\daria\Desktop\Master\SEM1\ProgrWebTehJava\TehnologiiWeb_Lapadus_Daria_405\school-management_FINAL\school-managementv1\school-managementv1\target\classes started by daria in C:\Users\daria\Desktop\Master\SEM1\ProgrWebTehJava\TehnologiiWeb_Lapadus_Daria_405\school-management_FINAL\school-managementv1\school-managementv1)
2026-05-08 18:28:40 [restartedMain] DEBUG c.e.s.SchoolManagementv1Application - Running with Spring Boot v3.5.9, Spring v6.2.15
2026-05-08 18:28:40 [restartedMain] INFO  c.e.s.SchoolManagementv1Application - The following 1 profile is active: "dev"
2026-05-08 18:28:41 [restartedMain] INFO  c.e.s.SchoolManagementv1Application - Started SchoolManagementv1Application in 2.141 seconds (process running for 1128.16)
2026-05-08 18:28:43 [restartedMain] INFO  c.e.s.SchoolManagementv1Application - Starting SchoolManagementv1Application using Java 23.0.1 with PID 15308 (C:\Users\daria\Desktop\Master\SEM1\ProgrWebTehJava\TehnologiiWeb_Lapadus_Daria_405\school-management_FINAL\school-managementv1\school-managementv1\target\classes started by daria in C:\Users\daria\Desktop\Master\SEM1\ProgrWebTehJava\TehnologiiWeb_Lapadus_Daria_405\school-management_FINAL\school-managementv1\school-managementv1)
2026-05-08 18:28:43 [restartedMain] DEBUG c.e.s.SchoolManagementv1Application - Running with Spring Boot v3.5.9, Spring v6.2.15
2026-05-08 18:28:43 [restartedMain] INFO  c.e.s.SchoolManagementv1Application - The following 1 profile is active: "dev"
2026-05-08 18:28:44 [restartedMain] INFO  c.e.s.SchoolManagementv1Application - Started SchoolManagementv1Application in 0.971 seconds (process running for 1130.609)
2026-05-08 18:30:59 [restartedMain] INFO  c.e.s.SchoolManagementv1Application - Starting SchoolManagementv1Application using Java 23.0.1 with PID 15308 (C:\Users\daria\Desktop\Master\SEM1\ProgrWebTehJava\TehnologiiWeb_Lapadus_Daria_405\school-management_FINAL\school-managementv1\school-managementv1\target\classes started by daria in C:\Users\daria\Desktop\Master\SEM1\ProgrWebTehJava\TehnologiiWeb_Lapadus_Daria_405\school-management_FINAL\school-managementv1\school-managementv1)
2026-05-08 18:30:59 [restartedMain] DEBUG c.e.s.SchoolManagementv1Application - Running with Spring Boot v3.5.9, Spring v6.2.15
2026-05-08 18:30:59 [restartedMain] INFO  c.e.s.SchoolManagementv1Application - The following 1 profile is active: "dev"
2026-05-08 18:31:00 [restartedMain] INFO  c.e.s.SchoolManagementv1Application - Started SchoolManagementv1Application in 1.341 seconds (process running for 1267.031)
2026-05-08 18:31:04 [restartedMain] INFO  c.e.s.SchoolManagementv1Application - Starting SchoolManagementv1Application using Java 23.0.1 with PID 15308 (C:\Users\daria\Desktop\Master\SEM1\ProgrWebTehJava\TehnologiiWeb_Lapadus_Daria_405\school-management_FINAL\school-managementv1\school-managementv1\target\classes started by daria in C:\Users\daria\Desktop\Master\SEM1\ProgrWebTehJava\TehnologiiWeb_Lapadus_Daria_405\school-management_FINAL\school-managementv1\school-managementv1)
2026-05-08 18:31:04 [restartedMain] DEBUG c.e.s.SchoolManagementv1Application - Running with Spring Boot v3.5.9, Spring v6.2.15
2026-05-08 18:31:04 [restartedMain] INFO  c.e.s.SchoolManagementv1Application - The following 1 profile is active: "dev"
2026-05-08 18:48:16 [restartedMain] INFO  c.e.s.SchoolManagementv1Application - Starting SchoolManagementv1Application using Java 23.0.1 with PID 15308 (C:\Users\daria\Desktop\Master\SEM1\ProgrWebTehJava\TehnologiiWeb_Lapadus_Daria_405\school-management_FINAL\school-managementv1\school-managementv1\target\classes started by daria in C:\Users\daria\Desktop\Master\SEM1\ProgrWebTehJava\TehnologiiWeb_Lapadus_Daria_405\school-management_FINAL\school-managementv1\school-managementv1)
2026-05-08 18:48:16 [restartedMain] DEBUG c.e.s.SchoolManagementv1Application - Running with Spring Boot v3.5.9, Spring v6.2.15
2026-05-08 18:48:16 [restartedMain] INFO  c.e.s.SchoolManagementv1Application - The following 1 profile is active: "dev"
2026-05-08 18:48:17 [restartedMain] INFO  c.e.s.SchoolManagementv1Application - Started SchoolManagementv1Application in 1.055 seconds (process running for 2303.733)
2026-05-08 18:48:19 [restartedMain] INFO  c.e.s.SchoolManagementv1Application - Starting SchoolManagementv1Application using Java 23.0.1 with PID 15308 (C:\Users\daria\Desktop\Master\SEM1\ProgrWebTehJava\TehnologiiWeb_Lapadus_Daria_405\school-management_FINAL\school-managementv1\school-managementv1\target\classes started by daria in C:\Users\daria\Desktop\Master\SEM1\ProgrWebTehJava\TehnologiiWeb_Lapadus_Daria_405\school-management_FINAL\school-managementv1\school-managementv1)
2026-05-08 18:48:19 [restartedMain] DEBUG c.e.s.SchoolManagementv1Application - Running with Spring Boot v3.5.9, Spring v6.2.15
2026-05-08 18:48:19 [restartedMain] INFO  c.e.s.SchoolManagementv1Application - The following 1 profile is active: "dev"
2026-05-08 18:51:47 [restartedMain] INFO  c.e.s.SchoolManagementv1Application - Starting SchoolManagementv1Application using Java 23.0.1 with PID 15308 (C:\Users\daria\Desktop\Master\SEM1\ProgrWebTehJava\TehnologiiWeb_Lapadus_Daria_405\school-management_FINAL\school-managementv1\school-managementv1\target\classes started by daria in C:\Users\daria\Desktop\Master\SEM1\ProgrWebTehJava\TehnologiiWeb_Lapadus_Daria_405\school-management_FINAL\school-managementv1\school-managementv1)
2026-05-08 18:51:47 [restartedMain] DEBUG c.e.s.SchoolManagementv1Application - Running with Spring Boot v3.5.9, Spring v6.2.15
2026-05-08 18:51:47 [restartedMain] INFO  c.e.s.SchoolManagementv1Application - The following 1 profile is active: "dev"
2026-05-08 18:51:50 [restartedMain] INFO  c.e.s.SchoolManagementv1Application - Starting SchoolManagementv1Application using Java 23.0.1 with PID 15308 (C:\Users\daria\Desktop\Master\SEM1\ProgrWebTehJava\TehnologiiWeb_Lapadus_Daria_405\school-management_FINAL\school-managementv1\school-managementv1\target\classes started by daria in C:\Users\daria\Desktop\Master\SEM1\ProgrWebTehJava\TehnologiiWeb_Lapadus_Daria_405\school-management_FINAL\school-managementv1\school-managementv1)
2026-05-08 18:51:50 [restartedMain] DEBUG c.e.s.SchoolManagementv1Application - Running with Spring Boot v3.5.9, Spring v6.2.15
2026-05-08 18:51:50 [restartedMain] INFO  c.e.s.SchoolManagementv1Application - The following 1 profile is active: "dev"
2026-05-08 18:51:52 [restartedMain] INFO  c.e.s.SchoolManagementv1Application - Starting SchoolManagementv1Application using Java 22.0.2 with PID 23004 (C:\Users\daria\Desktop\Master\SEM1\ProgrWebTehJava\TehnologiiWeb_Lapadus_Daria_405\school-management_FINAL\school-managementv1\school-managementv1\target\classes started by daria in C:\Users\daria\Desktop\Master\SEM1\ProgrWebTehJava\TehnologiiWeb_Lapadus_Daria_405\school-management_FINAL\school-managementv1\school-managementv1)
2026-05-08 18:51:52 [restartedMain] DEBUG c.e.s.SchoolManagementv1Application - Running with Spring Boot v3.5.9, Spring v6.2.15
2026-05-08 18:51:52 [restartedMain] INFO  c.e.s.SchoolManagementv1Application - The following 1 profile is active: "dev"
2026-05-08 18:51:57 [restartedMain] INFO  c.e.s.SchoolManagementv1Application - Started SchoolManagementv1Application in 5.014 seconds (process running for 5.383)
2026-05-08 18:51:57 [restartedMain] INFO  c.e.s.security.DataInitializer - Default admin user created: username=admin, password=admin123
2026-05-08 18:51:57 [restartedMain] INFO  c.e.s.security.DataInitializer - Default user created: username=user, password=user123
2026-05-08 18:52:31 [http-nio-8080-exec-6] DEBUG c.e.s.s.CustomUserDetailsService - Loading user: admin, role: ROLE_ADMIN
2026-05-08 18:52:45 [http-nio-8080-exec-9] DEBUG c.e.s.service.StudentService - Fetching students page=0, size=10, sort=lastName: ASC
2026-05-08 18:53:15 [http-nio-8080-exec-5] DEBUG c.e.s.s.CustomUserDetailsService - Loading user: user, role: ROLE_USER
2026-05-08 18:53:27 [http-nio-8080-exec-2] DEBUG c.e.s.service.StudentService - Fetching students page=0, size=10, sort=lastName: ASC
2026-05-08 18:53:31 [http-nio-8080-exec-8] DEBUG c.e.s.service.CourseService - Fetching courses page=0, size=10, sort=name: ASC
2026-05-08 18:53:33 [http-nio-8080-exec-1] DEBUG c.e.s.service.ClassroomService - Fetching all classrooms
2026-05-08 18:53:35 [http-nio-8080-exec-3] DEBUG c.e.s.service.StudentService - Fetching students page=0, size=10, sort=lastName: ASC
2026-05-08 18:53:39 [http-nio-8080-exec-6] DEBUG c.e.s.service.StudentService - Fetching students page=0, size=10, sort=lastName: ASC
2026-05-08 18:53:43 [http-nio-8080-exec-7] DEBUG c.e.s.service.GradeService - Fetching all grades
2026-05-08 18:53:43 [http-nio-8080-exec-7] DEBUG c.e.s.service.EnrollmentService - Fetching all enrollments
2026-05-08 18:55:31 [http-nio-8080-exec-1] DEBUG c.e.s.service.StudentService - Fetching students page=0, size=10, sort=lastName: ASC
2026-05-08 19:18:25 [restartedMain] INFO  c.e.s.SchoolManagementv1Application - Starting SchoolManagementv1Application using Java 23.0.1 with PID 15308 (C:\Users\daria\Desktop\Master\SEM1\ProgrWebTehJava\TehnologiiWeb_Lapadus_Daria_405\school-management_FINAL\school-managementv1\school-managementv1\target\classes started by daria in C:\Users\daria\Desktop\Master\SEM1\ProgrWebTehJava\TehnologiiWeb_Lapadus_Daria_405\school-management_FINAL\school-managementv1\school-managementv1)
2026-05-08 19:18:25 [restartedMain] DEBUG c.e.s.SchoolManagementv1Application - Running with Spring Boot v3.5.9, Spring v6.2.15
2026-05-08 19:18:25 [restartedMain] INFO  c.e.s.SchoolManagementv1Application - The following 1 profile is active: "dev"
2026-05-08 19:18:25 [restartedMain] INFO  c.e.s.SchoolManagementv1Application - Starting SchoolManagementv1Application using Java 22.0.2 with PID 23004 (C:\Users\daria\Desktop\Master\SEM1\ProgrWebTehJava\TehnologiiWeb_Lapadus_Daria_405\school-management_FINAL\school-managementv1\school-managementv1\target\classes started by daria in C:\Users\daria\Desktop\Master\SEM1\ProgrWebTehJava\TehnologiiWeb_Lapadus_Daria_405\school-management_FINAL\school-managementv1\school-managementv1)
2026-05-08 19:18:25 [restartedMain] DEBUG c.e.s.SchoolManagementv1Application - Running with Spring Boot v3.5.9, Spring v6.2.15
2026-05-08 19:18:25 [restartedMain] INFO  c.e.s.SchoolManagementv1Application - The following 1 profile is active: "dev"
2026-05-08 19:18:26 [restartedMain] INFO  c.e.s.SchoolManagementv1Application - Starting SchoolManagementv1Application using Java 23.0.1 with PID 15308 (C:\Users\daria\Desktop\Master\SEM1\ProgrWebTehJava\TehnologiiWeb_Lapadus_Daria_405\school-management_FINAL\school-managementv1\school-managementv1\target\classes started by daria in C:\Users\daria\Desktop\Master\SEM1\ProgrWebTehJava\TehnologiiWeb_Lapadus_Daria_405\school-management_FINAL\school-managementv1\school-managementv1)
2026-05-08 19:18:26 [restartedMain] DEBUG c.e.s.SchoolManagementv1Application - Running with Spring Boot v3.5.9, Spring v6.2.15
2026-05-08 19:18:26 [restartedMain] INFO  c.e.s.SchoolManagementv1Application - The following 1 profile is active: "dev"
2026-05-08 19:18:27 [restartedMain] INFO  c.e.s.SchoolManagementv1Application - Started SchoolManagementv1Application in 1.84 seconds (process running for 1595.476)
2026-05-08 19:18:28 [restartedMain] INFO  c.e.s.SchoolManagementv1Application - Starting SchoolManagementv1Application using Java 22.0.2 with PID 23004 (C:\Users\daria\Desktop\Master\SEM1\ProgrWebTehJava\TehnologiiWeb_Lapadus_Daria_405\school-management_FINAL\school-managementv1\school-managementv1\target\classes started by daria in C:\Users\daria\Desktop\Master\SEM1\ProgrWebTehJava\TehnologiiWeb_Lapadus_Daria_405\school-management_FINAL\school-managementv1\school-managementv1)
2026-05-08 19:18:28 [restartedMain] DEBUG c.e.s.SchoolManagementv1Application - Running with Spring Boot v3.5.9, Spring v6.2.15
2026-05-08 19:18:28 [restartedMain] INFO  c.e.s.SchoolManagementv1Application - The following 1 profile is active: "dev"
2026-05-08 19:18:29 [restartedMain] INFO  c.e.s.SchoolManagementv1Application - Started SchoolManagementv1Application in 0.893 seconds (process running for 1597.862)
2026-05-08 19:18:55 [http-nio-8080-exec-2] DEBUG c.e.s.s.CustomUserDetailsService - Loading user: user, role: ROLE_USER
2026-05-08 19:18:58 [http-nio-8080-exec-4] DEBUG c.e.s.service.SubjectService - Fetching subjects page=0, size=10, sort=name: ASC
2026-05-08 19:19:03 [http-nio-8080-exec-9] DEBUG c.e.s.s.CustomUserDetailsService - Loading user: admin, role: ROLE_ADMIN
2026-05-08 19:19:06 [http-nio-8080-exec-10] DEBUG c.e.s.service.StudentService - Fetching students page=0, size=10, sort=lastName: ASC
2026-05-08 19:19:09 [http-nio-8080-exec-4] DEBUG c.e.s.service.StudentService - Fetching students page=0, size=10, sort=lastName: ASC
2026-05-08 19:19:25 [http-nio-8080-exec-6] DEBUG c.e.s.service.StudentService - Fetching student id=4
2026-05-08 19:19:28 [http-nio-8080-exec-9] DEBUG c.e.s.service.StudentService - Updating student id=4
2026-05-08 19:19:28 [http-nio-8080-exec-9] DEBUG c.e.s.service.StudentService - Fetching student id=4
2026-05-08 19:19:28 [http-nio-8080-exec-9] INFO  c.e.s.service.StudentService - Student updated: id=4
2026-05-08 19:19:28 [http-nio-8080-exec-7] DEBUG c.e.s.service.StudentService - Fetching students page=0, size=10, sort=lastName: ASC
2026-05-08 19:20:44 [http-nio-8080-exec-4] DEBUG c.e.s.service.AttendanceService - Fetching all attendance records
2026-05-08 19:20:44 [http-nio-8080-exec-4] DEBUG c.e.s.service.StudentService - Fetching all students
2026-05-08 19:20:44 [http-nio-8080-exec-4] DEBUG c.e.s.service.CourseService - Fetching all courses
2026-05-08 20:04:30 [restartedMain] INFO  c.e.s.SchoolManagementv1Application - Starting SchoolManagementv1Application using Java 23.0.1 with PID 15308 (C:\Users\daria\Desktop\Master\SEM1\ProgrWebTehJava\TehnologiiWeb_Lapadus_Daria_405\school-management_FINAL\school-managementv1\school-managementv1\target\classes started by daria in C:\Users\daria\Desktop\Master\SEM1\ProgrWebTehJava\TehnologiiWeb_Lapadus_Daria_405\school-management_FINAL\school-managementv1\school-managementv1)
2026-05-08 20:04:30 [restartedMain] DEBUG c.e.s.SchoolManagementv1Application - Running with Spring Boot v3.5.9, Spring v6.2.15
2026-05-08 20:04:30 [restartedMain] INFO  c.e.s.SchoolManagementv1Application - The following 1 profile is active: "dev"
2026-05-08 20:04:30 [restartedMain] INFO  c.e.s.SchoolManagementv1Application - Starting SchoolManagementv1Application using Java 22.0.2 with PID 23004 (C:\Users\daria\Desktop\Master\SEM1\ProgrWebTehJava\TehnologiiWeb_Lapadus_Daria_405\school-management_FINAL\school-managementv1\school-managementv1\target\classes started by daria in C:\Users\daria\Desktop\Master\SEM1\ProgrWebTehJava\TehnologiiWeb_Lapadus_Daria_405\school-management_FINAL\school-managementv1\school-managementv1)
2026-05-08 20:04:30 [restartedMain] DEBUG c.e.s.SchoolManagementv1Application - Running with Spring Boot v3.5.9, Spring v6.2.15
2026-05-08 20:04:30 [restartedMain] INFO  c.e.s.SchoolManagementv1Application - The following 1 profile is active: "dev"
2026-05-08 20:04:31 [restartedMain] INFO  c.e.s.SchoolManagementv1Application - Starting SchoolManagementv1Application using Java 23.0.1 with PID 15308 (C:\Users\daria\Desktop\Master\SEM1\ProgrWebTehJava\TehnologiiWeb_Lapadus_Daria_405\school-management_FINAL\school-managementv1\school-managementv1\target\classes started by daria in C:\Users\daria\Desktop\Master\SEM1\ProgrWebTehJava\TehnologiiWeb_Lapadus_Daria_405\school-management_FINAL\school-managementv1\school-managementv1)
2026-05-08 20:04:31 [restartedMain] DEBUG c.e.s.SchoolManagementv1Application - Running with Spring Boot v3.5.9, Spring v6.2.15
2026-05-08 20:04:31 [restartedMain] INFO  c.e.s.SchoolManagementv1Application - The following 1 profile is active: "dev"
2026-05-08 20:04:33 [restartedMain] INFO  c.e.s.SchoolManagementv1Application - Started SchoolManagementv1Application in 3.008 seconds (process running for 4361.658)
2026-05-08 20:04:34 [restartedMain] INFO  c.e.s.SchoolManagementv1Application - Starting SchoolManagementv1Application using Java 22.0.2 with PID 23004 (C:\Users\daria\Desktop\Master\SEM1\ProgrWebTehJava\TehnologiiWeb_Lapadus_Daria_405\school-management_FINAL\school-managementv1\school-managementv1\target\classes started by daria in C:\Users\daria\Desktop\Master\SEM1\ProgrWebTehJava\TehnologiiWeb_Lapadus_Daria_405\school-management_FINAL\school-managementv1\school-managementv1)
2026-05-08 20:04:34 [restartedMain] DEBUG c.e.s.SchoolManagementv1Application - Running with Spring Boot v3.5.9, Spring v6.2.15
2026-05-08 20:04:34 [restartedMain] INFO  c.e.s.SchoolManagementv1Application - The following 1 profile is active: "dev"
2026-05-08 20:04:36 [restartedMain] INFO  c.e.s.SchoolManagementv1Application - Started SchoolManagementv1Application in 1.243 seconds (process running for 4364.397)
